Warming image page caches...
Run 1/4: official (node:26.10.0-trixie-slim)
Run 1/4: omimalloc (node:26.10.0-trixie-slim)
Run 1/4: clang23 (nxtedition/node:ab-26.10.0-nolto-nopatch)
Run 1/4: v8patch (nxtedition/node:ab-26.10.0-nolto)
Run 1/4: lto (nxtedition/node:ab-26.10.0-base)
Run 1/4: march (nxtedition/node:ab-26.10.0-march)
Run 1/4: pgo (nxtedition/node:26.10.0)
Run 1/4: pc (nxtedition/node:26.10.0-pc)
Run 2/4: omimalloc (node:26.10.0-trixie-slim)
Run 2/4: clang23 (nxtedition/node:ab-26.10.0-nolto-nopatch)
Run 2/4: v8patch (nxtedition/node:ab-26.10.0-nolto)
Run 2/4: lto (nxtedition/node:ab-26.10.0-base)
Run 2/4: march (nxtedition/node:ab-26.10.0-march)
Run 2/4: pgo (nxtedition/node:26.10.0)
Run 2/4: pc (nxtedition/node:26.10.0-pc)
Run 2/4: official (node:26.10.0-trixie-slim)
Run 3/4: clang23 (nxtedition/node:ab-26.10.0-nolto-nopatch)
Run 3/4: v8patch (nxtedition/node:ab-26.10.0-nolto)
Run 3/4: lto (nxtedition/node:ab-26.10.0-base)
Run 3/4: march (nxtedition/node:ab-26.10.0-march)
Run 3/4: pgo (nxtedition/node:26.10.0)
Run 3/4: pc (nxtedition/node:26.10.0-pc)
Run 3/4: official (node:26.10.0-trixie-slim)
Run 3/4: omimalloc (node:26.10.0-trixie-slim)
Run 4/4: v8patch (nxtedition/node:ab-26.10.0-nolto)
Run 4/4: lto (nxtedition/node:ab-26.10.0-base)
Run 4/4: march (nxtedition/node:ab-26.10.0-march)
Run 4/4: pgo (nxtedition/node:26.10.0)
Run 4/4: pc (nxtedition/node:26.10.0-pc)
Run 4/4: official (node:26.10.0-trixie-slim)
Run 4/4: omimalloc (node:26.10.0-trixie-slim)
Run 4/4: clang23 (nxtedition/node:ab-26.10.0-nolto-nopatch)
