Warming image page caches...
Run 1/8: official (node:26.10.0-trixie-slim)
Run 1/8: omimalloc (node:26.10.0-trixie-slim)
Run 1/8: c20 (nxtedition/node:ab-26.10.0-c20)
Run 1/8: lto (nxtedition/node:ab-26.10.0-c20-lto)
Run 1/8: znver5 (nxtedition/node:ab-26.10.0-c20-lto-z5ng)
Run 1/8: clang23 (nxtedition/node:ab-26.10.0-c23-lto-z5-nogather)
Run 1/8: pgo (nxtedition/node:ab-26.10.0-c23-lto-z5ng-pgo)
Run 1/8: pc (nxtedition/node:ab-26.10.0-c23-lto-z5ng-pgo-pc)
Run 1/8: v8 (nxtedition/node:ab-26.10.0-c23-lto-z5ng-pgo-pc-v8)
Run 1/8: gather (nxtedition/node:ab-26.10.0-c23-lto-z5)
Run 2/8: omimalloc (node:26.10.0-trixie-slim)
Run 2/8: c20 (nxtedition/node:ab-26.10.0-c20)
Run 2/8: lto (nxtedition/node:ab-26.10.0-c20-lto)
Run 2/8: znver5 (nxtedition/node:ab-26.10.0-c20-lto-z5ng)
Run 2/8: clang23 (nxtedition/node:ab-26.10.0-c23-lto-z5-nogather)
Run 2/8: pgo (nxtedition/node:ab-26.10.0-c23-lto-z5ng-pgo)
Run 2/8: pc (nxtedition/node:ab-26.10.0-c23-lto-z5ng-pgo-pc)
Run 2/8: v8 (nxtedition/node:ab-26.10.0-c23-lto-z5ng-pgo-pc-v8)
Run 2/8: gather (nxtedition/node:ab-26.10.0-c23-lto-z5)
Run 2/8: official (node:26.10.0-trixie-slim)
Run 3/8: c20 (nxtedition/node:ab-26.10.0-c20)
Run 3/8: lto (nxtedition/node:ab-26.10.0-c20-lto)
Run 3/8: znver5 (nxtedition/node:ab-26.10.0-c20-lto-z5ng)
Run 3/8: clang23 (nxtedition/node:ab-26.10.0-c23-lto-z5-nogather)
Run 3/8: pgo (nxtedition/node:ab-26.10.0-c23-lto-z5ng-pgo)
Run 3/8: pc (nxtedition/node:ab-26.10.0-c23-lto-z5ng-pgo-pc)
Run 3/8: v8 (nxtedition/node:ab-26.10.0-c23-lto-z5ng-pgo-pc-v8)
Run 3/8: gather (nxtedition/node:ab-26.10.0-c23-lto-z5)
Run 3/8: official (node:26.10.0-trixie-slim)
Run 3/8: omimalloc (node:26.10.0-trixie-slim)
Run 4/8: lto (nxtedition/node:ab-26.10.0-c20-lto)
Run 4/8: znver5 (nxtedition/node:ab-26.10.0-c20-lto-z5ng)
Run 4/8: clang23 (nxtedition/node:ab-26.10.0-c23-lto-z5-nogather)
Run 4/8: pgo (nxtedition/node:ab-26.10.0-c23-lto-z5ng-pgo)
Run 4/8: pc (nxtedition/node:ab-26.10.0-c23-lto-z5ng-pgo-pc)
Run 4/8: v8 (nxtedition/node:ab-26.10.0-c23-lto-z5ng-pgo-pc-v8)
Run 4/8: gather (nxtedition/node:ab-26.10.0-c23-lto-z5)
Run 4/8: official (node:26.10.0-trixie-slim)
Run 4/8: omimalloc (node:26.10.0-trixie-slim)
Run 4/8: c20 (nxtedition/node:ab-26.10.0-c20)
Run 5/8: znver5 (nxtedition/node:ab-26.10.0-c20-lto-z5ng)
Run 5/8: clang23 (nxtedition/node:ab-26.10.0-c23-lto-z5-nogather)
Run 5/8: pgo (nxtedition/node:ab-26.10.0-c23-lto-z5ng-pgo)
Run 5/8: pc (nxtedition/node:ab-26.10.0-c23-lto-z5ng-pgo-pc)
Run 5/8: v8 (nxtedition/node:ab-26.10.0-c23-lto-z5ng-pgo-pc-v8)
Run 5/8: gather (nxtedition/node:ab-26.10.0-c23-lto-z5)
Run 5/8: official (node:26.10.0-trixie-slim)
Run 5/8: omimalloc (node:26.10.0-trixie-slim)
Run 5/8: c20 (nxtedition/node:ab-26.10.0-c20)
Run 5/8: lto (nxtedition/node:ab-26.10.0-c20-lto)
Run 6/8: clang23 (nxtedition/node:ab-26.10.0-c23-lto-z5-nogather)
Run 6/8: pgo (nxtedition/node:ab-26.10.0-c23-lto-z5ng-pgo)
Run 6/8: pc (nxtedition/node:ab-26.10.0-c23-lto-z5ng-pgo-pc)
Run 6/8: v8 (nxtedition/node:ab-26.10.0-c23-lto-z5ng-pgo-pc-v8)
Run 6/8: gather (nxtedition/node:ab-26.10.0-c23-lto-z5)
Run 6/8: official (node:26.10.0-trixie-slim)
Run 6/8: omimalloc (node:26.10.0-trixie-slim)
Run 6/8: c20 (nxtedition/node:ab-26.10.0-c20)
Run 6/8: lto (nxtedition/node:ab-26.10.0-c20-lto)
Run 6/8: znver5 (nxtedition/node:ab-26.10.0-c20-lto-z5ng)
Run 7/8: pgo (nxtedition/node:ab-26.10.0-c23-lto-z5ng-pgo)
Run 7/8: pc (nxtedition/node:ab-26.10.0-c23-lto-z5ng-pgo-pc)
Run 7/8: v8 (nxtedition/node:ab-26.10.0-c23-lto-z5ng-pgo-pc-v8)
Run 7/8: gather (nxtedition/node:ab-26.10.0-c23-lto-z5)
Run 7/8: official (node:26.10.0-trixie-slim)
Run 7/8: omimalloc (node:26.10.0-trixie-slim)
Run 7/8: c20 (nxtedition/node:ab-26.10.0-c20)
Run 7/8: lto (nxtedition/node:ab-26.10.0-c20-lto)
Run 7/8: znver5 (nxtedition/node:ab-26.10.0-c20-lto-z5ng)
Run 7/8: clang23 (nxtedition/node:ab-26.10.0-c23-lto-z5-nogather)
Run 8/8: pc (nxtedition/node:ab-26.10.0-c23-lto-z5ng-pgo-pc)
Run 8/8: v8 (nxtedition/node:ab-26.10.0-c23-lto-z5ng-pgo-pc-v8)
Run 8/8: gather (nxtedition/node:ab-26.10.0-c23-lto-z5)
Run 8/8: official (node:26.10.0-trixie-slim)
Run 8/8: omimalloc (node:26.10.0-trixie-slim)
Run 8/8: c20 (nxtedition/node:ab-26.10.0-c20)
Run 8/8: lto (nxtedition/node:ab-26.10.0-c20-lto)
Run 8/8: znver5 (nxtedition/node:ab-26.10.0-c20-lto-z5ng)
Run 8/8: clang23 (nxtedition/node:ab-26.10.0-c23-lto-z5-nogather)
Run 8/8: pgo (nxtedition/node:ab-26.10.0-c23-lto-z5ng-pgo)
