Warming image page caches...
Run 1/4: official (node:26.10.0-trixie-slim)
Run 1/4: omimalloc (node:26.10.0-trixie-slim)
Run 1/4: c20 (nxtedition/node:ab-26.10.0-c20)
Run 1/4: lto (nxtedition/node:ab-26.10.0-c20-lto)
Run 1/4: znver5 (nxtedition/node:ab-26.10.0-c20-lto-z5)
Run 1/4: clang23 (nxtedition/node:ab-26.10.0-c23-lto-z5)
Run 1/4: pgo (nxtedition/node:ab-26.10.0-c23-lto-z5-pgo)
Run 1/4: pc (nxtedition/node:ab-26.10.0-c23-lto-z5-pgo-pc)
Run 1/4: v8 (nxtedition/node:ab-26.10.0-c23-lto-z5-pgo-pc-v8)
Run 2/4: omimalloc (node:26.10.0-trixie-slim)
Run 2/4: c20 (nxtedition/node:ab-26.10.0-c20)
Run 2/4: lto (nxtedition/node:ab-26.10.0-c20-lto)
Run 2/4: znver5 (nxtedition/node:ab-26.10.0-c20-lto-z5)
Run 2/4: clang23 (nxtedition/node:ab-26.10.0-c23-lto-z5)
Run 2/4: pgo (nxtedition/node:ab-26.10.0-c23-lto-z5-pgo)
Run 2/4: pc (nxtedition/node:ab-26.10.0-c23-lto-z5-pgo-pc)
Run 2/4: v8 (nxtedition/node:ab-26.10.0-c23-lto-z5-pgo-pc-v8)
Run 2/4: official (node:26.10.0-trixie-slim)
Run 3/4: c20 (nxtedition/node:ab-26.10.0-c20)
Run 3/4: lto (nxtedition/node:ab-26.10.0-c20-lto)
Run 3/4: znver5 (nxtedition/node:ab-26.10.0-c20-lto-z5)
Run 3/4: clang23 (nxtedition/node:ab-26.10.0-c23-lto-z5)
Run 3/4: pgo (nxtedition/node:ab-26.10.0-c23-lto-z5-pgo)
Run 3/4: pc (nxtedition/node:ab-26.10.0-c23-lto-z5-pgo-pc)
Run 3/4: v8 (nxtedition/node:ab-26.10.0-c23-lto-z5-pgo-pc-v8)
Run 3/4: official (node:26.10.0-trixie-slim)
Run 3/4: omimalloc (node:26.10.0-trixie-slim)
Run 4/4: lto (nxtedition/node:ab-26.10.0-c20-lto)
Run 4/4: znver5 (nxtedition/node:ab-26.10.0-c20-lto-z5)
Run 4/4: clang23 (nxtedition/node:ab-26.10.0-c23-lto-z5)
Run 4/4: pgo (nxtedition/node:ab-26.10.0-c23-lto-z5-pgo)
Run 4/4: pc (nxtedition/node:ab-26.10.0-c23-lto-z5-pgo-pc)
Run 4/4: v8 (nxtedition/node:ab-26.10.0-c23-lto-z5-pgo-pc-v8)
Run 4/4: official (node:26.10.0-trixie-slim)
Run 4/4: omimalloc (node:26.10.0-trixie-slim)
Run 4/4: c20 (nxtedition/node:ab-26.10.0-c20)
